// Jest Snapshot v1, https://goo.gl/fbAQLP

exports[`<VariablesAutocomplete /> should render without crashing 1`] = `
Object {
  "asFragment": [Function],
  "baseElement": <body
    style="padding-right: 1024px; overflow: hidden;"
  >
    <div
      aria-hidden="true"
    >
      <div
        class="MuiBox-root css-8atqhb"
      >
        <div
          class="MuiFormControl-root MuiTextField-root block-editor-text-field css-9e6gxp-MuiFormControl-root-MuiTextField-root"
        >
          <div
            class="MuiOutlinedInput-root MuiInputBase-root MuiInputBase-colorPrimary MuiInputBase-formControl css-11zt3ho-MuiInputBase-root-MuiOutlinedInput-root"
          >
            <div
              class="MuiBox-root css-1yyq5vx"
            >
              <div
                aria-invalid="false"
                aria-multiline="false"
                autocapitalize="false"
                autocorrect="false"
                class="MuiOutlinedInput-input MuiInputBase-input css-1t8l2tu-MuiInputBase-input-MuiOutlinedInput-input"
                contenteditable="true"
                data-gramm="false"
                data-slate-editor="true"
                data-slate-node="value"
                name="variable"
                role="textbox"
                spellcheck="false"
                style="position: relative; outline: none; white-space: pre-wrap; word-wrap: break-word;"
                type="text"
              >
                <div
                  data-slate-node="element"
                  style="position: relative;"
                >
                  <span
                    data-slate-node="text"
                  >
                    <span
                      data-slate-leaf="true"
                    >
                      <span
                        data-slate-length="0"
                        data-slate-zero-width="n"
                      >
                        ﻿
                        <br />
                      </span>
                    </span>
                  </span>
                </div>
              </div>
            </div>
            <fieldset
              aria-hidden="true"
              class="MuiOutlinedInput-notchedOutline css-1d3z3hw-MuiOutlinedInput-notchedOutline"
            >
              <legend
                class="css-nnbavb"
              >
                <span
                  class="notranslate"
                >
                  ​
                </span>
              </legend>
            </fieldset>
          </div>
        </div>
        <div
          class="MuiModal-root MuiPopover-root variables-autocomplete-suggestions css-18l9qlm-MuiModal-root-MuiPopover-root-MuiMenu-root"
          role="presentation"
          style="pointer-events: all;"
        >
          <div
            aria-hidden="true"
            class="MuiBackdrop-root MuiBackdrop-invisible css-g3hgs1-MuiBackdrop-root-MuiModal-backdrop"
            style="opacity: 1; webkit-transition: opacity 225ms cubic-bezier(0.4, 0, 0.2, 1) 0ms; transition: opacity 225ms cubic-bezier(0.4, 0, 0.2, 1) 0ms;"
          />
          <div
            data-test="sentinelStart"
            tabindex="0"
          />
          <div
            class="MuiPaper-root MuiPaper-elevation MuiPaper-rounded MuiPaper-elevation1 MuiMenu-paper MuiPaper-root MuiPaper-elevation MuiPaper-rounded MuiPaper-elevation8 MuiPopover-paper css-1poimk-MuiPaper-root-MuiMenu-paper-MuiPaper-root-MuiPopover-paper"
            style="opacity: 1; transform: scale(1, 1); transition: opacity 0ms cubic-bezier(0.4, 0, 0.2, 1) 0ms,transform 0ms cubic-bezier(0.4, 0, 0.2, 1) 0ms; top: 16px; left: 16px; transform-origin: -16px -16px;"
            tabindex="-1"
          >
            <ul
              class="MuiList-root MuiList-padding MuiMenu-list css-6hp17o-MuiList-root-MuiMenu-list"
              role="menu"
              tabindex="-1"
            >
              <li
                class="MuiMenuItem-root MuiMenuItem-gutters Mui-selected MuiButtonBase-root variables-autocomplete-suggestion selected css-soz1h5-MuiButtonBase-root-MuiMenuItem-root"
                role="menuitem"
                tabindex="0"
              >
                <span>
                  Test
                </span>
                <span
                  class="MuiTouchRipple-root css-8je8zh-MuiTouchRipple-root"
                />
              </li>
              <li
                class="MuiMenuItem-root MuiMenuItem-gutters MuiButtonBase-root variables-autocomplete-suggestion css-soz1h5-MuiButtonBase-root-MuiMenuItem-root"
                role="menuitem"
                tabindex="-1"
              >
                <span>
                  Cool
                </span>
                <span
                  class="MuiTouchRipple-root css-8je8zh-MuiTouchRipple-root"
                />
              </li>
              <li
                class="MuiMenuItem-root MuiMenuItem-gutters MuiButtonBase-root variables-autocomplete-suggestion css-soz1h5-MuiButtonBase-root-MuiMenuItem-root"
                role="menuitem"
                tabindex="-1"
              >
                <span>
                  Another
                </span>
                <span
                  class="MuiTouchRipple-root css-8je8zh-MuiTouchRipple-root"
                />
              </li>
            </ul>
          </div>
          <div
            data-test="sentinelEnd"
            tabindex="0"
          />
        </div>
      </div>
    </div>
  </body>,
  "container": <div
    aria-hidden="true"
  >
    <div
      class="MuiBox-root css-8atqhb"
    >
      <div
        class="MuiFormControl-root MuiTextField-root block-editor-text-field css-9e6gxp-MuiFormControl-root-MuiTextField-root"
      >
        <div
          class="MuiOutlinedInput-root MuiInputBase-root MuiInputBase-colorPrimary MuiInputBase-formControl css-11zt3ho-MuiInputBase-root-MuiOutlinedInput-root"
        >
          <div
            class="MuiBox-root css-1yyq5vx"
          >
            <div
              aria-invalid="false"
              aria-multiline="false"
              autocapitalize="false"
              autocorrect="false"
              class="MuiOutlinedInput-input MuiInputBase-input css-1t8l2tu-MuiInputBase-input-MuiOutlinedInput-input"
              contenteditable="true"
              data-gramm="false"
              data-slate-editor="true"
              data-slate-node="value"
              name="variable"
              role="textbox"
              spellcheck="false"
              style="position: relative; outline: none; white-space: pre-wrap; word-wrap: break-word;"
              type="text"
            >
              <div
                data-slate-node="element"
                style="position: relative;"
              >
                <span
                  data-slate-node="text"
                >
                  <span
                    data-slate-leaf="true"
                  >
                    <span
                      data-slate-length="0"
                      data-slate-zero-width="n"
                    >
                      ﻿
                      <br />
                    </span>
                  </span>
                </span>
              </div>
            </div>
          </div>
          <fieldset
            aria-hidden="true"
            class="MuiOutlinedInput-notchedOutline css-1d3z3hw-MuiOutlinedInput-notchedOutline"
          >
            <legend
              class="css-nnbavb"
            >
              <span
                class="notranslate"
              >
                ​
              </span>
            </legend>
          </fieldset>
        </div>
      </div>
      <div
        class="MuiModal-root MuiPopover-root variables-autocomplete-suggestions css-18l9qlm-MuiModal-root-MuiPopover-root-MuiMenu-root"
        role="presentation"
        style="pointer-events: all;"
      >
        <div
          aria-hidden="true"
          class="MuiBackdrop-root MuiBackdrop-invisible css-g3hgs1-MuiBackdrop-root-MuiModal-backdrop"
          style="opacity: 1; webkit-transition: opacity 225ms cubic-bezier(0.4, 0, 0.2, 1) 0ms; transition: opacity 225ms cubic-bezier(0.4, 0, 0.2, 1) 0ms;"
        />
        <div
          data-test="sentinelStart"
          tabindex="0"
        />
        <div
          class="MuiPaper-root MuiPaper-elevation MuiPaper-rounded MuiPaper-elevation1 MuiMenu-paper MuiPaper-root MuiPaper-elevation MuiPaper-rounded MuiPaper-elevation8 MuiPopover-paper css-1poimk-MuiPaper-root-MuiMenu-paper-MuiPaper-root-MuiPopover-paper"
          style="opacity: 1; transform: scale(1, 1); transition: opacity 0ms cubic-bezier(0.4, 0, 0.2, 1) 0ms,transform 0ms cubic-bezier(0.4, 0, 0.2, 1) 0ms; top: 16px; left: 16px; transform-origin: -16px -16px;"
          tabindex="-1"
        >
          <ul
            class="MuiList-root MuiList-padding MuiMenu-list css-6hp17o-MuiList-root-MuiMenu-list"
            role="menu"
            tabindex="-1"
          >
            <li
              class="MuiMenuItem-root MuiMenuItem-gutters Mui-selected MuiButtonBase-root variables-autocomplete-suggestion selected css-soz1h5-MuiButtonBase-root-MuiMenuItem-root"
              role="menuitem"
              tabindex="0"
            >
              <span>
                Test
              </span>
              <span
                class="MuiTouchRipple-root css-8je8zh-MuiTouchRipple-root"
              />
            </li>
            <li
              class="MuiMenuItem-root MuiMenuItem-gutters MuiButtonBase-root variables-autocomplete-suggestion css-soz1h5-MuiButtonBase-root-MuiMenuItem-root"
              role="menuitem"
              tabindex="-1"
            >
              <span>
                Cool
              </span>
              <span
                class="MuiTouchRipple-root css-8je8zh-MuiTouchRipple-root"
              />
            </li>
            <li
              class="MuiMenuItem-root MuiMenuItem-gutters MuiButtonBase-root variables-autocomplete-suggestion css-soz1h5-MuiButtonBase-root-MuiMenuItem-root"
              role="menuitem"
              tabindex="-1"
            >
              <span>
                Another
              </span>
              <span
                class="MuiTouchRipple-root css-8je8zh-MuiTouchRipple-root"
              />
            </li>
          </ul>
        </div>
        <div
          data-test="sentinelEnd"
          tabindex="0"
        />
      </div>
    </div>
  </div>,
  "debug": [Function],
  "findAllByAltText": [Function],
  "findAllByDisplayValue": [Function],
  "findAllByLabelText": [Function],
  "findAllByPlaceholderText": [Function],
  "findAllByRole": [Function],
  "findAllByTestId": [Function],
  "findAllByText": [Function],
  "findAllByTitle": [Function],
  "findByAltText": [Function],
  "findByDisplayValue": [Function],
  "findByLabelText": [Function],
  "findByPlaceholderText": [Function],
  "findByRole": [Function],
  "findByTestId": [Function],
  "findByText": [Function],
  "findByTitle": [Function],
  "getAllByAltText": [Function],
  "getAllByDisplayValue": [Function],
  "getAllByLabelText": [Function],
  "getAllByPlaceholderText": [Function],
  "getAllByRole": [Function],
  "getAllByTestId": [Function],
  "getAllByText": [Function],
  "getAllByTitle": [Function],
  "getByAltText": [Function],
  "getByDisplayValue": [Function],
  "getByLabelText": [Function],
  "getByPlaceholderText": [Function],
  "getByRole": [Function],
  "getByTestId": [Function],
  "getByText": [Function],
  "getByTitle": [Function],
  "queryAllByAltText": [Function],
  "queryAllByDisplayValue": [Function],
  "queryAllByLabelText": [Function],
  "queryAllByPlaceholderText": [Function],
  "queryAllByRole": [Function],
  "queryAllByTestId": [Function],
  "queryAllByText": [Function],
  "queryAllByTitle": [Function],
  "queryByAltText": [Function],
  "queryByDisplayValue": [Function],
  "queryByLabelText": [Function],
  "queryByPlaceholderText": [Function],
  "queryByRole": [Function],
  "queryByTestId": [Function],
  "queryByText": [Function],
  "queryByTitle": [Function],
  "rerender": [Function],
  "unmount": [Function],
}
`;
